******************************************************************************
                  MSP430 Linker PC v20.2.1                     
******************************************************************************
>> Linked Sun Dec 27 14:40:09 2020

OUTPUT FILE NAME:   <Soap Dispenser.out>
ENTRY POINT SYMBOL: "_c_int00_noargs"  address: 0000e45e


MEMORY CONFIGURATION

         name            origin    length      used     unused   attr    fill
----------------------  --------  ---------  --------  --------  ----  --------
  SFR                   00000000   00000010  00000000  00000010  RWIX
  PERIPHERALS_8BIT      00000010   000000f0  00000000  000000f0  RWIX
  PERIPHERALS_16BIT     00000100   00000100  00000000  00000100  RWIX
  RAM                   00000200   00000100  0000005c  000000a4  RWIX
  INFOD                 00001000   00000040  00000000  00000040  RWIX
  INFOC                 00001040   00000040  00000000  00000040  RWIX
  INFOB                 00001080   00000040  00000000  00000040  RWIX
  INFOA                 000010c0   00000040  00000000  00000040  RWIX
  FLASH                 0000e000   00001fe0  000004d2  00001b0e  RWIX
  INT00                 0000ffe0   00000002  00000000  00000002  RWIX
  INT01                 0000ffe2   00000002  00000000  00000002  RWIX
  INT02                 0000ffe4   00000002  00000002  00000000  RWIX
  INT03                 0000ffe6   00000002  00000002  00000000  RWIX
  INT04                 0000ffe8   00000002  00000002  00000000  RWIX
  INT05                 0000ffea   00000002  00000002  00000000  RWIX
  INT06                 0000ffec   00000002  00000000  00000002  RWIX
  INT07                 0000ffee   00000002  00000000  00000002  RWIX
  INT08                 0000fff0   00000002  00000002  00000000  RWIX
  INT09                 0000fff2   00000002  00000002  00000000  RWIX
  INT10                 0000fff4   00000002  00000002  00000000  RWIX
  INT11                 0000fff6   00000002  00000002  00000000  RWIX
  INT12                 0000fff8   00000002  00000000  00000002  RWIX
  INT13                 0000fffa   00000002  00000000  00000002  RWIX
  INT14                 0000fffc   00000002  00000002  00000000  RWIX
  RESET                 0000fffe   00000002  00000002  00000000  RWIX


SECTION ALLOCATION MAP

 output                                  attributes/
section   page    origin      length       input sections
--------  ----  ----------  ----------   ----------------
.data      0    00000200    0000000c     UNINITIALIZED
                  00000200    0000000c     main.obj (.data)

.stack     0    000002b0    00000050     UNINITIALIZED
                  000002b0    00000002     rts430_eabi.lib : boot.c.obj (.stack)
                  000002b2    0000004e     --HOLE--

.text      0    0000e000    000004c2     
                  0000e000    0000025a     main.obj (.text:Timer_A0)
                  0000e25a    00000084     main.obj (.text:Port_1)
                  0000e2de    0000007c     rts430_eabi.lib : copy_decompress_lzss.c.obj (.text:decompress:lzss:__TI_decompress_lzss)
                  0000e35a    0000004c                     : lsr16.asm.obj (.text)
                  0000e3a6    0000004a     main.obj (.text:main)
                  0000e3f0    00000042     rts430_eabi.lib : autoinit.c.obj (.text:__TI_auto_init_nobinit_nopinit:__TI_auto_init_nobinit_nopinit)
                  0000e432    0000002c                     : lsl16.asm.obj (.text)
                  0000e45e    0000001c                     : boot.c.obj (.text:_c_int00_noargs)
                  0000e47a    00000012                     : copy_decompress_none.c.obj (.text:decompress:none:__TI_decompress_none)
                  0000e48c    00000012                     : memcpy.c.obj (.text:memcpy)
                  0000e49e    00000010                     : epilog.asm.obj (.text)
                  0000e4ae    00000008                     : isr_trap.asm.obj (.text:_isr:__TI_ISR_TRAP)
                  0000e4b6    00000006                     : exit.c.obj (.text:abort)
                  0000e4bc    00000004                     : pre_init.c.obj (.text:_system_pre_init)
                  0000e4c0    00000002                     : startup.c.obj (.text:_system_post_cinit)

.cinit     0    0000e4c2    00000010     
                  0000e4c2    00000007     (.cinit..data.load) [load image, compression = lzss]
                  0000e4c9    00000001     --HOLE-- [fill = 0]
                  0000e4ca    00000004     (__TI_handler_table)
                  0000e4ce    00000004     (__TI_cinit_table)

.binit     0    0000e000    00000000     

.init_array 
*          0    0000e000    00000000     UNINITIALIZED

PORT1      0    0000ffe4    00000002     
                  0000ffe4    00000002     main.obj (.int02)

PORT2      0    0000ffe6    00000002     
                  0000ffe6    00000002     rts430_eabi.lib : int03.asm.obj (.int03)

USI        0    0000ffe8    00000002     
                  0000ffe8    00000002     rts430_eabi.lib : int04.asm.obj (.int04)

ADC10      0    0000ffea    00000002     
                  0000ffea    00000002     rts430_eabi.lib : int05.asm.obj (.int05)

TIMER0_A1 
*          0    0000fff0    00000002     
                  0000fff0    00000002     rts430_eabi.lib : int08.asm.obj (.int08)

TIMER0_A0 
*          0    0000fff2    00000002     
                  0000fff2    00000002     main.obj (.int09)

WDT        0    0000fff4    00000002     
                  0000fff4    00000002     rts430_eabi.lib : int10.asm.obj (.int10)

COMPARATORA 
*          0    0000fff6    00000002     
                  0000fff6    00000002     rts430_eabi.lib : int11.asm.obj (.int11)

NMI        0    0000fffc    00000002     
                  0000fffc    00000002     rts430_eabi.lib : int14.asm.obj (.int14)

.reset     0    0000fffe    00000002     
                  0000fffe    00000002     rts430_eabi.lib : boot.c.obj (.reset)

MODULE SUMMARY

       Module                       code   ro data   rw data
       ------                       ----   -------   -------
    .\
       main.obj                     808    4         12     
    +--+----------------------------+------+---------+---------+
       Total:                       808    4         12     
                                                            
    D:\ti\ccs1011\ccs\tools\compiler\ti-cgt-msp430_20.2.1.LTS\lib\rts430_eabi.lib
       copy_decompress_lzss.c.obj   124    0         0      
       lsr16.asm.obj                76     0         0      
       autoinit.c.obj               66     0         0      
       lsl16.asm.obj                44     0         0      
       boot.c.obj                   28     2         0      
       copy_decompress_none.c.obj   18     0         0      
       memcpy.c.obj                 18     0         0      
       epilog.asm.obj               16     0         0      
       isr_trap.asm.obj             8      0         0      
       exit.c.obj                   6      0         0      
       pre_init.c.obj               4      0         0      
       int03.asm.obj                0      2         0      
       int04.asm.obj                0      2         0      
       int05.asm.obj                0      2         0      
       int08.asm.obj                0      2         0      
       int10.asm.obj                0      2         0      
       int11.asm.obj                0      2         0      
       int14.asm.obj                0      2         0      
       startup.c.obj                2      0         0      
    +--+----------------------------+------+---------+---------+
       Total:                       410    16        0      
                                                            
       Stack:                       0      0         80     
       Linker Generated:            0      15        0      
    +--+----------------------------+------+---------+---------+
       Grand Total:                 1218   35        92     


LINKER GENERATED COPY TABLES

__TI_cinit_table @ 0000e4ce records: 1, size/record: 4, table size: 4
	.data: load addr=0000e4c2, load size=00000007 bytes, run addr=00000200, run size=0000000c bytes, compression=lzss


LINKER GENERATED HANDLER TABLE

__TI_handler_table @ 0000e4ca records: 2, size/record: 2, table size: 4
	index: 0, handler: __TI_decompress_lzss
	index: 1, handler: __TI_decompress_none


GLOBAL SYMBOLS: SORTED ALPHABETICALLY BY Name 

address   name                          
-------   ----                          
0000004a  ADC10AE0                      
000001b0  ADC10CTL0                     
000001b2  ADC10CTL1                     
00000048  ADC10DTC0                     
00000049  ADC10DTC1                     
000001b4  ADC10MEM                      
000001bc  ADC10SA                       
00000057  BCSCTL1                       
00000058  BCSCTL2                       
00000053  BCSCTL3                       
0000e4b6  C$$EXIT                       
00000059  CACTL1                        
0000005a  CACTL2                        
000010fb  CALBC1_12MHZ                  
000010f9  CALBC1_16MHZ                  
000010ff  CALBC1_1MHZ                   
000010fd  CALBC1_8MHZ                   
000010fa  CALDCO_12MHZ                  
000010f8  CALDCO_16MHZ                  
000010fe  CALDCO_1MHZ                   
000010fc  CALDCO_8MHZ                   
0000005b  CAPD                          
00000056  DCOCTL                        
00000128  FCTL1                         
0000012a  FCTL2                         
0000012c  FCTL3                         
00000000  IE1                           
00000002  IFG1                          
00000022  P1DIR                         
00000025  P1IE                          
00000024  P1IES                         
00000023  P1IFG                         
00000020  P1IN                          
00000021  P1OUT                         
00000027  P1REN                         
00000026  P1SEL                         
00000041  P1SEL2                        
0000002a  P2DIR                         
0000002d  P2IE                          
0000002c  P2IES                         
0000002b  P2IFG                         
00000028  P2IN                          
00000029  P2OUT                         
0000002f  P2REN                         
0000002e  P2SEL                         
00000042  P2SEL2                        
0000e25a  Port_1                        
00000172  TA0CCR0                       
00000174  TA0CCR1                       
00000176  TA0CCR2                       
00000162  TA0CCTL0                      
00000164  TA0CCTL1                      
00000166  TA0CCTL2                      
00000160  TA0CTL                        
0000012e  TA0IV                         
00000170  TA0R                          
000010db  TLV_ADC10_1_LEN               
000010da  TLV_ADC10_1_TAG               
000010c0  TLV_CHECKSUM                  
000010f7  TLV_DCO_30_LEN                
000010f6  TLV_DCO_30_TAG                
0000e000  Timer_A0                      
0000007a  USICCTL                       
0000007a  USICKCTL                      
0000007b  USICNT                        
00000078  USICTL                        
00000078  USICTL0                       
00000079  USICTL1                       
0000007c  USISR                         
0000007d  USISRH                        
0000007c  USISRL                        
00000120  WDTCTL                        
00000300  __STACK_END                   
00000050  __STACK_SIZE                  
0000e4ce  __TI_CINIT_Base               
0000e4d2  __TI_CINIT_Limit              
0000e4ca  __TI_Handler_Table_Base       
0000e4ce  __TI_Handler_Table_Limit      
0000e4ae  __TI_ISR_TRAP                 
0000e3f0  __TI_auto_init_nobinit_nopinit
0000e2de  __TI_decompress_lzss          
0000e47a  __TI_decompress_none          
0000ffe4  __TI_int02                    
0000ffe6  __TI_int03                    
0000ffe8  __TI_int04                    
0000ffea  __TI_int05                    
0000fff0  __TI_int08                    
0000fff2  __TI_int09                    
0000fff4  __TI_int10                    
0000fff6  __TI_int11                    
0000fffc  __TI_int14                    
ffffffff  __TI_pprof_out_hndl           
ffffffff  __TI_prof_data_size           
ffffffff  __TI_prof_data_start          
ffffffff  __c_args__                    
0000e4aa  __mspabi_func_epilog_1        
0000e4a8  __mspabi_func_epilog_2        
0000e4a6  __mspabi_func_epilog_3        
0000e4a4  __mspabi_func_epilog_4        
0000e4a2  __mspabi_func_epilog_5        
0000e4a0  __mspabi_func_epilog_6        
0000e49e  __mspabi_func_epilog_7        
0000e432  __mspabi_slli                 
0000e45a  __mspabi_slli_1               
0000e448  __mspabi_slli_10              
0000e446  __mspabi_slli_11              
0000e444  __mspabi_slli_12              
0000e442  __mspabi_slli_13              
0000e440  __mspabi_slli_14              
0000e43e  __mspabi_slli_15              
0000e458  __mspabi_slli_2               
0000e456  __mspabi_slli_3               
0000e454  __mspabi_slli_4               
0000e452  __mspabi_slli_5               
0000e450  __mspabi_slli_6               
0000e44e  __mspabi_slli_7               
0000e44c  __mspabi_slli_8               
0000e44a  __mspabi_slli_9               
0000e35a  __mspabi_srli                 
0000e3a0  __mspabi_srli_1               
0000e37c  __mspabi_srli_10              
0000e378  __mspabi_srli_11              
0000e374  __mspabi_srli_12              
0000e370  __mspabi_srli_13              
0000e36c  __mspabi_srli_14              
0000e368  __mspabi_srli_15              
0000e39c  __mspabi_srli_2               
0000e398  __mspabi_srli_3               
0000e394  __mspabi_srli_4               
0000e390  __mspabi_srli_5               
0000e38c  __mspabi_srli_6               
0000e388  __mspabi_srli_7               
0000e384  __mspabi_srli_8               
0000e380  __mspabi_srli_9               
0000e45e  _c_int00_noargs               
0000fffe  _reset_vector                 
000002b0  _stack                        
0000e4c0  _system_post_cinit            
0000e4bc  _system_pre_init              
0000e4b6  abort                         
00000208  gBattWaitCount                
00000206  gDispenseTime                 
00000204  gHandSensed                   
00000202  gIrCount                      
00000201  gPowerState                   
00000203  gSenseCount                   
0000020a  gSensorUnblockCount           
00000200  gTimerMode                    
0000e3a6  main                          
0000e48c  memcpy                        


GLOBAL SYMBOLS: SORTED BY Symbol Address 

address   name                          
-------   ----                          
00000000  IE1                           
00000002  IFG1                          
00000020  P1IN                          
00000021  P1OUT                         
00000022  P1DIR                         
00000023  P1IFG                         
00000024  P1IES                         
00000025  P1IE                          
00000026  P1SEL                         
00000027  P1REN                         
00000028  P2IN                          
00000029  P2OUT                         
0000002a  P2DIR                         
0000002b  P2IFG                         
0000002c  P2IES                         
0000002d  P2IE                          
0000002e  P2SEL                         
0000002f  P2REN                         
00000041  P1SEL2                        
00000042  P2SEL2                        
00000048  ADC10DTC0                     
00000049  ADC10DTC1                     
0000004a  ADC10AE0                      
00000050  __STACK_SIZE                  
00000053  BCSCTL3                       
00000056  DCOCTL                        
00000057  BCSCTL1                       
00000058  BCSCTL2                       
00000059  CACTL1                        
0000005a  CACTL2                        
0000005b  CAPD                          
00000078  USICTL                        
00000078  USICTL0                       
00000079  USICTL1                       
0000007a  USICCTL                       
0000007a  USICKCTL                      
0000007b  USICNT                        
0000007c  USISR                         
0000007c  USISRL                        
0000007d  USISRH                        
00000120  WDTCTL                        
00000128  FCTL1                         
0000012a  FCTL2                         
0000012c  FCTL3                         
0000012e  TA0IV                         
00000160  TA0CTL                        
00000162  TA0CCTL0                      
00000164  TA0CCTL1                      
00000166  TA0CCTL2                      
00000170  TA0R                          
00000172  TA0CCR0                       
00000174  TA0CCR1                       
00000176  TA0CCR2                       
000001b0  ADC10CTL0                     
000001b2  ADC10CTL1                     
000001b4  ADC10MEM                      
000001bc  ADC10SA                       
00000200  gTimerMode                    
00000201  gPowerState                   
00000202  gIrCount                      
00000203  gSenseCount                   
00000204  gHandSensed                   
00000206  gDispenseTime                 
00000208  gBattWaitCount                
0000020a  gSensorUnblockCount           
000002b0  _stack                        
00000300  __STACK_END                   
000010c0  TLV_CHECKSUM                  
000010da  TLV_ADC10_1_TAG               
000010db  TLV_ADC10_1_LEN               
000010f6  TLV_DCO_30_TAG                
000010f7  TLV_DCO_30_LEN                
000010f8  CALDCO_16MHZ                  
000010f9  CALBC1_16MHZ                  
000010fa  CALDCO_12MHZ                  
000010fb  CALBC1_12MHZ                  
000010fc  CALDCO_8MHZ                   
000010fd  CALBC1_8MHZ                   
000010fe  CALDCO_1MHZ                   
000010ff  CALBC1_1MHZ                   
0000e000  Timer_A0                      
0000e25a  Port_1                        
0000e2de  __TI_decompress_lzss          
0000e35a  __mspabi_srli                 
0000e368  __mspabi_srli_15              
0000e36c  __mspabi_srli_14              
0000e370  __mspabi_srli_13              
0000e374  __mspabi_srli_12              
0000e378  __mspabi_srli_11              
0000e37c  __mspabi_srli_10              
0000e380  __mspabi_srli_9               
0000e384  __mspabi_srli_8               
0000e388  __mspabi_srli_7               
0000e38c  __mspabi_srli_6               
0000e390  __mspabi_srli_5               
0000e394  __mspabi_srli_4               
0000e398  __mspabi_srli_3               
0000e39c  __mspabi_srli_2               
0000e3a0  __mspabi_srli_1               
0000e3a6  main                          
0000e3f0  __TI_auto_init_nobinit_nopinit
0000e432  __mspabi_slli                 
0000e43e  __mspabi_slli_15              
0000e440  __mspabi_slli_14              
0000e442  __mspabi_slli_13              
0000e444  __mspabi_slli_12              
0000e446  __mspabi_slli_11              
0000e448  __mspabi_slli_10              
0000e44a  __mspabi_slli_9               
0000e44c  __mspabi_slli_8               
0000e44e  __mspabi_slli_7               
0000e450  __mspabi_slli_6               
0000e452  __mspabi_slli_5               
0000e454  __mspabi_slli_4               
0000e456  __mspabi_slli_3               
0000e458  __mspabi_slli_2               
0000e45a  __mspabi_slli_1               
0000e45e  _c_int00_noargs               
0000e47a  __TI_decompress_none          
0000e48c  memcpy                        
0000e49e  __mspabi_func_epilog_7        
0000e4a0  __mspabi_func_epilog_6        
0000e4a2  __mspabi_func_epilog_5        
0000e4a4  __mspabi_func_epilog_4        
0000e4a6  __mspabi_func_epilog_3        
0000e4a8  __mspabi_func_epilog_2        
0000e4aa  __mspabi_func_epilog_1        
0000e4ae  __TI_ISR_TRAP                 
0000e4b6  C$$EXIT                       
0000e4b6  abort                         
0000e4bc  _system_pre_init              
0000e4c0  _system_post_cinit            
0000e4ca  __TI_Handler_Table_Base       
0000e4ce  __TI_CINIT_Base               
0000e4ce  __TI_Handler_Table_Limit      
0000e4d2  __TI_CINIT_Limit              
0000ffe4  __TI_int02                    
0000ffe6  __TI_int03                    
0000ffe8  __TI_int04                    
0000ffea  __TI_int05                    
0000fff0  __TI_int08                    
0000fff2  __TI_int09                    
0000fff4  __TI_int10                    
0000fff6  __TI_int11                    
0000fffc  __TI_int14                    
0000fffe  _reset_vector                 
ffffffff  __TI_pprof_out_hndl           
ffffffff  __TI_prof_data_size           
ffffffff  __TI_prof_data_start          
ffffffff  __c_args__                    

[150 symbols]
